
Windows PowerShell
Copyright (C) 2009 Microsoft Corporation. All rights reserved.

C:\Users\paarnio\Documents\GitHub> cd ~/atacama
C:\Users\paarnio\atacama [master]> touch README
C:\Users\paarnio\atacama [master]> git add README
C:\Users\paarnio\atacama [master +0 ~1 -0]> git commit -m 'first commit to ataca
ma'
[master cb6020c] first commit to atacama
 1 file changed, 46 insertions(+)

C:\Users\paarnio\atacama [master]> git remote add origin https://github.com/paar
nio/atacama.git
fatal: remote origin already exists.

C:\Users\paarnio\atacama [master]> git push origin master
To https://github.com/paarnio/atacama.git
 ! [rejected]        master -> master (non-fast-forward)
error: failed to push some refs to 'https://github.com/paarnio/atacama.git'
hint: Updates were rejected because the tip of your current branch is behind
hint: its remote counterpart. Integrate the remote changes (e.g.
hint: 'git pull ...') before pushing again.
hint: See the 'Note about fast-forwards' in 'git push --help' for details.

C:\Users\paarnio\atacama [master]> git fetch upstream
fatal: 'upstream' does not appear to be a git repository
fatal: Could not read from remote repository.

Please make sure you have the correct access rights
and the repository exists.

C:\Users\paarnio\atacama [master]> git pull origin master
From https://github.com/paarnio/atacama
 * branch            master     -> FETCH_HEAD
Merge made by the 'recursive' strategy.
 README.md | 4 ++++
 1 file changed, 4 insertions(+)
 create mode 100644 README.md

C:\Users\paarnio\atacama [master]> git push origin master
Counting objects: 9, done.
Delta compression using up to 4 threads.
Compressing objects: 100% (5/5), done.
Writing objects: 100% (8/8), 1.49 KiB | 0 bytes/s, done.
Total 8 (delta 0), reused 0 (delta 0)
To https://github.com/paarnio/atacama.git
   3bad22c..4348bfb  master -> master
C:\Users\paarnio\atacama [master]>

